{
  "subject": "File gdnotify (XXXXXXXXXX) changed by hoge at 2022-06-15T00:03:45.843Z",
  "entity": {
    "id": "XXXXXXXXXX",
    "kind": "drive#file",
    "name": "gdnotify",
    "createdTime": ""
  },
  "actor": {
    "displayName": "hoge",
    "emailAddress": "",
    "kind": "drive#user"
  },
  "change": {
    "changeType": "file",
    "file": {
      "id": "XXXXXXXXXX",
      "kind": "drive#file",
      "lastModifyingUser": {
        "displayName": "hoge",
        "emailAddress": "",
        "kind": "drive#user"
      },
      "mimeType": "application/vnd.google-apps.spreadsheet",
      "modifiedTime": "2022-06-15T00:03:45.843Z",
      "name": "gdnotify",
      "size": "1500",
      "version": "20"
    },
    "fileId": "XXXXXXXXXX",
    "kind": "drive#change",
    "time": "2022-06-15T00:03:55.849Z"
  }
}